// Jest Snapshot v1, https://goo.gl/fbAQLP

exports[`renders correctly 1`] = `
<View
  style={
    Object {
      "alignContent": "center",
      "flexDirection": "column",
      "height": "100%",
      "justifyContent": "center",
      "width": "100%",
    }
  }
>
  <View
    style={
      Object {
        "alignItems": "center",
        "backgroundColor": "lightblue",
        "flex": 1,
        "justifyContent": "center",
        "marginTop": 20,
      }
    }
  >
    <View
      style={
        Object {
          "flex": 1,
          "flexDirection": "row",
          "padding": 0,
        }
      }
    >
      <View
        accessibilityComponentType={undefined}
        accessibilityLabel={undefined}
        accessibilityTraits={undefined}
        accessible={true}
        collapsable={undefined}
        hasTVPreferredFocus={undefined}
        hitSlop={undefined}
        isTVSelectable={true}
        nativeID={undefined}
        onLayout={undefined}
        onResponderGrant={[Function]}
        onResponderMove={[Function]}
        onResponderRelease={[Function]}
        onResponderTerminate={[Function]}
        onResponderTerminationRequest={[Function]}
        onStartShouldSetResponder={[Function]}
        style={
          Object {
            "alignItems": "center",
            "backgroundColor": "lightblue",
            "borderBottomWidth": 0,
            "borderColor": "#29436d",
            "borderLeftWidth": 0,
            "borderWidth": 1,
            "flex": 1,
            "justifyContent": "center",
            "opacity": 1,
            "width": "100%",
          }
        }
        testID={undefined}
        tvParallaxProperties={undefined}
      >
        <View>
          <Text
            accessible={true}
            allowFontScaling={true}
            ellipsizeMode="tail"
            style={
              Object {
                "color": "#fff",
                "fontSize": 30,
                "fontWeight": "700",
                "textShadowColor": "#29436d",
                "textShadowOffset": Object {
                  "height": 1,
                  "width": 1,
                },
                "textShadowRadius": 0,
              }
            }
          >
            TO DO
          </Text>
        </View>
      </View>
      <View
        accessibilityComponentType={undefined}
        accessibilityLabel={undefined}
        accessibilityTraits={undefined}
        accessible={true}
        collapsable={undefined}
        hasTVPreferredFocus={undefined}
        hitSlop={undefined}
        isTVSelectable={true}
        nativeID={undefined}
        onLayout={undefined}
        onResponderGrant={[Function]}
        onResponderMove={[Function]}
        onResponderRelease={[Function]}
        onResponderTerminate={[Function]}
        onResponderTerminationRequest={[Function]}
        onStartShouldSetResponder={[Function]}
        style={
          Object {
            "alignItems": "center",
            "backgroundColor": "#5176A1",
            "borderColor": "#29436d",
            "borderRadius": 0,
            "borderRightWidth": 0,
            "borderWidth": 1,
            "flex": 1,
            "justifyContent": "center",
            "marginTop": 3,
            "opacity": 1,
            "width": "100%",
          }
        }
        testID={undefined}
        tvParallaxProperties={undefined}
      >
        <View>
          <Text
            accessible={true}
            allowFontScaling={true}
            ellipsizeMode="tail"
            style={
              Object {
                "color": "#444",
                "fontSize": 29,
                "fontWeight": "600",
                "textShadowColor": "#29436d",
                "textShadowOffset": Object {
                  "height": 1,
                  "width": 1,
                },
                "textShadowRadius": 0,
              }
            }
          >
            COMPLETED
          </Text>
        </View>
      </View>
    </View>
    <View
      style={
        Object {
          "flex": 7,
          "marginBottom": 20,
          "marginTop": 10,
          "width": "100%",
        }
      }
    />
    <View
      accessibilityComponentType={undefined}
      accessibilityLabel={undefined}
      accessibilityTraits={undefined}
      accessible={true}
      collapsable={undefined}
      hasTVPreferredFocus={undefined}
      hitSlop={undefined}
      isTVSelectable={true}
      nativeID={undefined}
      onLayout={undefined}
      onResponderGrant={[Function]}
      onResponderMove={[Function]}
      onResponderRelease={[Function]}
      onResponderTerminate={[Function]}
      onResponderTerminationRequest={[Function]}
      onStartShouldSetResponder={[Function]}
      style={
        Object {
          "alignItems": "center",
          "backgroundColor": "#5176A1",
          "borderColor": "#29436d",
          "borderRadius": 60,
          "borderWidth": 3,
          "bottom": "5%",
          "height": 60,
          "justifyContent": "center",
          "opacity": 1,
          "padding": 0,
          "position": "absolute",
          "right": "5%",
          "width": 60,
        }
      }
      testID={undefined}
      tvParallaxProperties={undefined}
    >
      <View>
        <Text
          accessible={true}
          allowFontScaling={true}
          ellipsizeMode="tail"
          style={
            Object {
              "color": "#fff",
              "fontSize": 80,
              "fontWeight": "700",
              "height": 78,
              "lineHeight": 80,
              "textShadowColor": "#29436d",
              "textShadowOffset": Object {
                "height": 2,
                "width": 2,
              },
              "textShadowRadius": 0,
            }
          }
        >
          +
        </Text>
      </View>
    </View>
  </View>
  <View
    style={
      Object {
        "alignContent": "center",
        "flexDirection": "row",
        "height": "8%",
        "justifyContent": "center",
      }
    }
  >
    <View
      accessibilityComponentType={undefined}
      accessibilityLabel={undefined}
      accessibilityTraits={undefined}
      accessible={true}
      collapsable={undefined}
      hasTVPreferredFocus={undefined}
      hitSlop={undefined}
      isTVSelectable={true}
      nativeID={undefined}
      onLayout={undefined}
      onResponderGrant={[Function]}
      onResponderMove={[Function]}
      onResponderRelease={[Function]}
      onResponderTerminate={[Function]}
      onResponderTerminationRequest={[Function]}
      onStartShouldSetResponder={[Function]}
      style={
        Object {
          "alignSelf": "center",
          "backgroundColor": "#f7f7f7",
          "borderTopWidth": 1,
          "flex": 1,
          "height": "100%",
          "justifyContent": "center",
          "opacity": 1,
        }
      }
      testID={undefined}
      tvParallaxProperties={undefined}
    >
      <Text
        accessible={true}
        allowFontScaling={true}
        ellipsizeMode="tail"
        style={
          Array [
            Object {
              "alignSelf": "center",
              "color": "#555",
              "fontSize": 20,
              "fontWeight": "900",
              "justifyContent": "center",
            },
            Object {
              "color": "#333",
            },
          ]
        }
      >
        TASK LIST
      </Text>
    </View>
    <View
      accessibilityComponentType={undefined}
      accessibilityLabel={undefined}
      accessibilityTraits={undefined}
      accessible={true}
      collapsable={undefined}
      hasTVPreferredFocus={undefined}
      hitSlop={undefined}
      isTVSelectable={true}
      nativeID={undefined}
      onLayout={undefined}
      onResponderGrant={[Function]}
      onResponderMove={[Function]}
      onResponderRelease={[Function]}
      onResponderTerminate={[Function]}
      onResponderTerminationRequest={[Function]}
      onStartShouldSetResponder={[Function]}
      style={
        Object {
          "alignSelf": "center",
          "backgroundColor": "#aaa",
          "borderTopWidth": 1,
          "flex": 1,
          "height": "100%",
          "justifyContent": "center",
          "opacity": 1,
        }
      }
      testID={undefined}
      tvParallaxProperties={undefined}
    >
      <Text
        accessible={true}
        allowFontScaling={true}
        ellipsizeMode="tail"
        style={
          Array [
            Object {
              "alignSelf": "center",
              "color": "#555",
              "fontSize": 20,
              "fontWeight": "900",
              "justifyContent": "center",
            },
            "",
          ]
        }
      >
        STEP COUNTER
      </Text>
    </View>
  </View>
</View>
`;
