// Jest Snapshot v1, https://goo.gl/fbAQLP

exports[`Snapshot test of EditTaskScreen.js 1`] = `[Function]`;
