// Jest Snapshot v1, https://goo.gl/fbAQLP

exports[`Snapshot, state and method test in HomeScreen.js 1`] = `[Function]`;
