// Jest Snapshot v1, https://goo.gl/fbAQLP

exports[`State changes in PedoSensor.js works correctly 1`] = `[Function]`;
