// Jest Snapshot v1, https://goo.gl/fbAQLP

exports[`Snapshot and state test of Task.js 1`] = `[Function]`;
