// Jest Snapshot v1, https://goo.gl/fbAQLP

exports[`Methods in TasksToDo.js works correctly 1`] = `[Function]`;
