// Jest Snapshot v1, https://goo.gl/fbAQLP

exports[`Snapshot test of TasksCompleted.js 1`] = `[Function]`;
